[control.taxi.brusseles.com/index.html]
[backblue.gif]
[fade.gif]
[index.html]
[control.taxi.brusseles.com/_autoindex/assets/css/autoindex.css]
[control.taxi.brusseles.com/_autoindex/assets/js/tablesort.js]
[control.taxi.brusseles.com/_autoindex/assets/js/tablesort.number.js]
[control.taxi.brusseles.com/_autoindex/assets/icons/folder-fill.svg]
[control.taxi.brusseles.com/index.html]
[control.taxi.brusseles.com/_autoindex/assets/css/autoindex.css]
[control.taxi.brusseles.com/index2a60.html]
[control.taxi.brusseles.com/index9a11.html]
[control.taxi.brusseles.com/index9a11.html]
[control.taxi.brusseles.com/index3dd6.html]
[control.taxi.brusseles.com/driver/index.html]
[control.taxi.brusseles.com/index2a60.html]
[control.taxi.brusseles.com/index3dd6.html]
[control.taxi.brusseles.com/taxi/index.html]
[control.taxi.brusseles.com/indexd4cd.html]
[control.taxi.brusseles.com/index7dc1.html]
[control.taxi.brusseles.com/index38f9.html]
[control.taxi.brusseles.com/driver/index9a11.html]
[control.taxi.brusseles.com/_autoindex/assets/icons/corner-left-up.svg]
[control.taxi.brusseles.com/driver/index2a60.html]
[control.taxi.brusseles.com/driver/index3dd6.html]
[control.taxi.brusseles.com/driver/a1p69001101MZ5PSBB22-2.html]
[control.taxi.brusseles.com/_autoindex/assets/icons/file.svg]
[control.taxi.brusseles.com/driver/index.html]
[control.taxi.brusseles.com/_autoindex/assets/icons/folder-fill.svg]
[control.taxi.brusseles.com/taxi/index9a11.html]
[control.taxi.brusseles.com/taxi/a1p69000001MZ5PSAA2-2.html]
[control.taxi.brusseles.com/taxi/index2a60.html]
[control.taxi.brusseles.com/taxi/index3dd6.html]
[control.taxi.brusseles.com/taxi/a1p69000001MZ5PSAA22-2.html]
[control.taxi.brusseles.com/taxi/a1p69000001MZ5PSAAS22-2.html]
[control.taxi.brusseles.com/taxi/a1p69000001MZ5PSAASS22-2.html]
[control.taxi.brusseles.com/taxi/a1p69000001MZ5PSAASSS22-2.html]
[control.taxi.brusseles.com/taxi/a1p69000001MZ5PSAB22-2.html]
[control.taxi.brusseles.com/taxi/a1p69000001MZ5PSBB22-2.html]
[control.taxi.brusseles.com/taxi/a1p6900000MZ5PSAA1-2.html]
[control.taxi.brusseles.com/_autoindex/assets/icons/file-text.svg]
[control.taxi.brusseles.com/taxi/a1p6900000MZ5PSAA11-2.html]
[control.taxi.brusseles.com/taxi/a1p6900000MZ5PSAA2-2.html]
[control.taxi.brusseles.com/taxi/a1p6990000MZ5PSSAA2-2.html]
[control.taxi.brusseles.com/taxi/index.html]
[control.taxi.brusseles.com/indexd4cd.html]
[control.taxi.brusseles.com/index7dc1.html]
[control.taxi.brusseles.com/index38f9.html]
[control.taxi.brusseles.com/driver/index9a11.html]
[control.taxi.brusseles.com/driver/index2a60.html]
[control.taxi.brusseles.com/driver/index3dd6.html]
[control.taxi.brusseles.com/_autoindex/assets/icons/corner-left-up.svg]
[control.taxi.brusseles.com/driver/a1p69001101mz5psbb22.html]
[control.taxi.brusseles.com/driver/indexd4cd.html]
[control.taxi.brusseles.com/driver/index7dc1.html]
[control.taxi.brusseles.com/driver/index38f9.html]
[cdn.jsdelivr.net/npm/bootstrap@5.0.2/dist/css/bootstrap.mince52.css]
[cdnjs.cloudflare.com/ajax/libs/modernizr/2.8.3/modernizr.minf7ff.js]
[code.jquery.com/jquery-3.4.1.min5589.js]
[control.taxi.brusseles.com/driver/a1p69001101MZ5PSBB22-2.html]
[control.taxi.brusseles.com/_autoindex/assets/icons/file.svg]
[control.taxi.brusseles.com/taxi/index9a11.html]
[control.taxi.brusseles.com/taxi/index2a60.html]
[control.taxi.brusseles.com/taxi/index3dd6.html]
[cdn.jsdelivr.net/npm/bootstrap@5.0.2/dist/js/bootstrap.bundle.mince52.js]
[control.taxi.brusseles.com/taxi/a1p69000001mz5psaa2.html]
[control.taxi.brusseles.com/taxi/indexd4cd.html]
[control.taxi.brusseles.com/taxi/index7dc1.html]
[control.taxi.brusseles.com/taxi/index38f9.html]
[control.taxi.brusseles.com/taxi/a1p69000001MZ5PSAA2-2.html]
[control.taxi.brusseles.com/taxi/a1p69000001mz5psaa22.html]
[control.taxi.brusseles.com/taxi/a1p69000001MZ5PSAA22-2.html]
[control.taxi.brusseles.com/taxi/a1p69000001mz5psaas22.html]
[control.taxi.brusseles.com/taxi/a1p69000001MZ5PSAAS22-2.html]
[control.taxi.brusseles.com/taxi/a1p69000001mz5psaass22.html]
[control.taxi.brusseles.com/taxi/a1p69000001MZ5PSAASS22-2.html]
[control.taxi.brusseles.com/taxi/a1p69000001mz5psaasss22.html]
[control.taxi.brusseles.com/taxi/a1p69000001MZ5PSAASSS22-2.html]
[control.taxi.brusseles.com/taxi/a1p69000001mz5psab22.html]
[control.taxi.brusseles.com/taxi/a1p69000001MZ5PSAB22-2.html]
[control.taxi.brusseles.com/taxi/a1p69000001mz5psbb22.html]
[control.taxi.brusseles.com/taxi/a1p69000001MZ5PSBB22-2.html]
[control.taxi.brusseles.com/taxi/a1p6900000mz5psaa1.html]
[control.taxi.brusseles.com/taxi/a1p6900000MZ5PSAA1-2.html]
[control.taxi.brusseles.com/_autoindex/assets/icons/file-text.svg]
[control.taxi.brusseles.com/taxi/a1p6900000mz5psaa11.html]
[control.taxi.brusseles.com/taxi/a1p6900000MZ5PSAA11-2.html]
[control.taxi.brusseles.com/taxi/a1p6900000mz5psaa2.html]
[control.taxi.brusseles.com/taxi/a1p6900000MZ5PSAA2-2.html]
[control.taxi.brusseles.com/taxi/a1p6990000mz5pssaa2.html]
[control.taxi.brusseles.com/taxi/a1p6990000MZ5PSSAA2-2.html]
[control.taxi.brusseles.com/driver/indexd4cd.html]
[control.taxi.brusseles.com/driver/index7dc1.html]
[control.taxi.brusseles.com/driver/index38f9.html]
[control.taxi.brusseles.com/driver/iris-bm.html]
[cdn.jsdelivr.net/npm/bootstrap@5.0.2/dist/css/bootstrap.mince52.css]
[control.taxi.brusseles.com/taxi/indexd4cd.html]
[control.taxi.brusseles.com/taxi/index7dc1.html]
[control.taxi.brusseles.com/taxi/index38f9.html]
[control.taxi.brusseles.com/taxi/iris-bm.html]
